// Jest Snapshot v1, https://goo.gl/fbAQLP

exports[`matches expected output: day.graphql 1`] = `
~~~~~~~~~~ INPUT ~~~~~~~~~~
query day {
  day(dayId:"RGF5OjE0Mg==") {
    id
    name
  }
}
~~~~~~~~~~ OUTPUT ~~~~~~~~~~
{
  "data": {
    "day": {
      "id": "RGF5OjM0NQ==",
      "name": "Day 1"
    }
  }
}
`;

exports[`matches expected output: program.graphql 1`] = `
~~~~~~~~~~ INPUT ~~~~~~~~~~
query program {
  program(programId: "UHJvZ3JhbTo2Nw==") {
    id
    name
  }
}

~~~~~~~~~~ OUTPUT ~~~~~~~~~~
{
  "data": {
    "program": {
      "id": "UHJvZ3JhbTo2Nw==",
      "name": "Getting back in 2 it"
    }
  }
}
`;
