// Jest Snapshot v1, https://goo.gl/fbAQLP

exports[`works 1`] = `
Object {
  "data": Object {
    "favorites": Object {
      "edges": Array [
        Object {
          "node": Object {
            "id": "dHZTaG93OjEzOQ==",
            "name": "Girls",
          },
        },
        Object {
          "node": Object {
            "id": "dHZTaG93OjY=",
            "name": "The 100",
          },
        },
      ],
    },
  },
}
`;
