// Jest Snapshot v1, https://goo.gl/fbAQLP

exports[`works 1`] = `
Object {
  "data": Object {
    "searchTvShow": Object {
      "edges": Array [
        Object {
          "node": Object {
            "id": "dHZTaG93OjEzOQ==",
            "image": Object {
              "medium": "http://static.tvmaze.com/uploads/images/medium_portrait/31/78286.jpg",
              "original": "http://static.tvmaze.com/uploads/images/original_untouched/31/78286.jpg",
            },
            "name": "Girls",
            "premiered": "2012-04-15",
            "rating": 6.7,
            "status": "Ended",
          },
        },
      ],
    },
  },
}
`;
