// Jest Snapshot v1, https://goo.gl/fbAQLP

exports[`works 1`] = `
Object {
  "data": Object {
    "searchTvShow": Object {
      "edges": Array [
        Object {
          "node": Object {
            "id": "dHZTaG93OjE=",
            "image": Object {
              "medium": "http://mock.medium",
              "original": "http://mock.original",
            },
            "name": "lol",
            "premiered": "2018-11-11",
            "rating": 1.1,
            "status": "status",
          },
        },
      ],
    },
  },
}
`;
