// Jest Snapshot v1, https://goo.gl/fbAQLP

exports[`matches expected output: BaseExercises.graphql 1`] = `
~~~~~~~~~~ INPUT ~~~~~~~~~~
query baseExercisesQuery {
  baseExercises {
    edges {
      node {
        id
        name
        muscleGroup
      }
    }
  }
}
~~~~~~~~~~ OUTPUT ~~~~~~~~~~
{
  "data": {
    "baseExercises": {
      "edges": [
        {
          "node": {
            "id": "QmFzZUV4ZXJjaXNlOjM4",
            "name": "Alternerende benkpress med hantler",
            "muscleGroup": "Chest"
          }
        },
        {
          "node": {
            "id": "QmFzZUV4ZXJjaXNlOjEw",
            "name": "Arnold Press",
            "muscleGroup": "Chest"
          }
        },
        {
          "node": {
            "id": "QmFzZUV4ZXJjaXNlOjI=",
            "name": "Band pulls apart",
            "muscleGroup": "Chest"
          }
        },
        {
          "node": {
            "id": "QmFzZUV4ZXJjaXNlOjc=",
            "name": "Benkpress",
            "muscleGroup": "Chest"
          }
        },
        {
          "node": {
            "id": "QmFzZUV4ZXJjaXNlOjM2",
            "name": "Benkpress m/hantler",
            "muscleGroup": "Chest"
          }
        },
        {
          "node": {
            "id": "QmFzZUV4ZXJjaXNlOjYz",
            "name": "Biceps i kabelmaskin",
            "muscleGroup": "Chest"
          }
        },
        {
          "node": {
            "id": "QmFzZUV4ZXJjaXNlOjE5",
            "name": "Bulgarsk utfall",
            "muscleGroup": "Chest"
          }
        },
        {
          "node": {
            "id": "QmFzZUV4ZXJjaXNlOjY3",
            "name": "Cable cross",
            "muscleGroup": "Chest"
          }
        },
        {
          "node": {
            "id": "QmFzZUV4ZXJjaXNlOjY2",
            "name": "Cable cross rygg",
            "muscleGroup": "Chest"
          }
        },
        {
          "node": {
            "id": "QmFzZUV4ZXJjaXNlOjY1",
            "name": "Chest press",
            "muscleGroup": "Chest"
          }
        }
      ]
    }
  }
}
`;
